                                                                               